******************************************************************************
                  TI ARM Linker PC v20.2.7                     
******************************************************************************
>> Linked Sun Apr 14 18:09:42 2024

OUTPUT FILE NAME:   <AUTOSAR_Project.out>
ENTRY POINT SYMBOL: "_c_int00_noargs"  address: 000011e9


MEMORY CONFIGURATION

         name            origin    length      used     unused   attr    fill
----------------------  --------  ---------  --------  --------  ----  --------
  FLASH                 00000000   00040000  000013fa  0003ec06  R  X
  SRAM                  20000000   00008000  00000216  00007dea  RW X


SEGMENT ALLOCATION MAP

run origin  load origin   length   init length attrs members
----------  ----------- ---------- ----------- ----- -------
00000000    00000000    00001400   00001400    r-x
  00000000    00000000    0000026c   0000026c    r-- .intvecs
  0000026c    0000026c    00001012   00001012    r-x .text
  0000127e    0000127e    0000015c   0000015c    r-- .const
  000013e0    000013e0    00000020   00000020    r-- .cinit
20000000    20000000    00000216   00000000    rw-
  20000000    20000000    00000200   00000000    rw- .stack
  20000200    20000200    00000016   00000000    rw- .data


SECTION ALLOCATION MAP

 output                                  attributes/
section   page    origin      length       input sections
--------  ----  ----------  ----------   ----------------
.intvecs   0    00000000    0000026c     
                  00000000    0000026c     tm4c123gh6pm_startup_ccs.obj (.intvecs)

.text      0    0000026c    00001012     
                  0000026c    000008ec     Port.obj (.text)
                  00000b58    0000030c     Dio.obj (.text)
                  00000e64    000000a8     Os.obj (.text)
                  00000f0c    0000009c     rtsv7M4_T_le_v4SPD16_eabi.lib : memcpy_t2.asm.obj (.text)
                  00000fa8    0000007c     Button.obj (.text)
                  00001024    0000007c     Gpt.obj (.text)
                  000010a0    00000068     rtsv7M4_T_le_v4SPD16_eabi.lib : copy_decompress_lzss.c.obj (.text:decompress:lzss:__TI_decompress_lzss)
                  00001108    0000005c     App.obj (.text)
                  00001164    00000044     rtsv7M4_T_le_v4SPD16_eabi.lib : autoinit.c.obj (.text:__TI_auto_init_nobinit_nopinit:__TI_auto_init_nobinit_nopinit)
                  000011a8    0000003e     Led.obj (.text)
                  000011e6    00000002     --HOLE-- [fill = 0]
                  000011e8    00000034     rtsv7M4_T_le_v4SPD16_eabi.lib : boot_cortex_m.c.obj (.text:_c_int00_noargs:_c_int00_noargs)
                  0000121c    00000020     Mcu.obj (.text)
                  0000123c    00000016     Det.obj (.text)
                  00001252    0000000e     rtsv7M4_T_le_v4SPD16_eabi.lib : copy_decompress_none.c.obj (.text:decompress:none:__TI_decompress_none)
                  00001260    0000000c     tm4c123gh6pm_startup_ccs.obj (.text)
                  0000126c    0000000a     main.obj (.text)
                  00001276    00000004     rtsv7M4_T_le_v4SPD16_eabi.lib : pre_init.c.obj (.text:_system_pre_init)
                  0000127a    00000004                                   : exit.c.obj (.text:abort:abort)

.const     0    0000127e    0000015c     
                  0000127e    00000158     Port_PBcfg.obj (.const:Port_PinConfiguration)
                  000013d6    00000004     Dio_PBcfg.obj (.const:Dio_Configuration)

.cinit     0    000013e0    00000020     
                  000013e0    0000000e     (.cinit..data.load) [load image, compression = lzss]
                  000013ee    00000002     --HOLE-- [fill = 0]
                  000013f0    00000008     (__TI_handler_table)
                  000013f8    00000008     (__TI_cinit_table)

.init_array 
*          0    00000000    00000000     UNINITIALIZED

.data      0    20000200    00000016     UNINITIALIZED
                  20000200    00000005     Dio.obj (.data)
                  20000205    00000003     Button.obj (.data)
                  20000208    00000005     Port.obj (.data)
                  2000020d    00000002     App.obj (.data)
                  2000020f    00000001     --HOLE--
                  20000210    00000004     Gpt.obj (.data)
                  20000214    00000002     Os.obj (.data)

.stack     0    20000000    00000200     UNINITIALIZED
                  20000000    00000004     rtsv7M4_T_le_v4SPD16_eabi.lib : boot_cortex_m.c.obj (.stack)
                  20000004    000001fc     --HOLE--

__llvm_prf_cnts 
*          0    20000000    00000000     UNINITIALIZED

MODULE SUMMARY

       Module                         code   ro data   rw data
       ------                         ----   -------   -------
    .\
       Port.obj                       2284   0         5      
       Dio.obj                        780    0         5      
       tm4c123gh6pm_startup_ccs.obj   12     620       0      
       Port_PBcfg.obj                 0      344       0      
       Os.obj                         168    0         2      
       Gpt.obj                        124    0         4      
       Button.obj                     124    0         3      
       App.obj                        92     0         2      
       Led.obj                        62     0         0      
       Mcu.obj                        32     0         0      
       Det.obj                        22     0         0      
       main.obj                       10     0         0      
       Dio_PBcfg.obj                  0      4         0      
    +--+------------------------------+------+---------+---------+
       Total:                         3710   968       21     
                                                              
    C:\ti\ccs1260\ccs\tools\compiler\ti-cgt-arm_20.2.7.LTS\lib\rtsv7M4_T_le_v4SPD16_eabi.lib
       memcpy_t2.asm.obj              156    0         0      
       copy_decompress_lzss.c.obj     104    0         0      
       autoinit.c.obj                 68     0         0      
       boot_cortex_m.c.obj            52     0         0      
       copy_decompress_none.c.obj     14     0         0      
       exit.c.obj                     4      0         0      
       pre_init.c.obj                 4      0         0      
    +--+------------------------------+------+---------+---------+
       Total:                         402    0         0      
                                                              
       Stack:                         0      0         512    
       Linker Generated:              0      30        0      
    +--+------------------------------+------+---------+---------+
       Grand Total:                   4112   998       533    


LINKER GENERATED COPY TABLES

__TI_cinit_table @ 000013f8 records: 1, size/record: 8, table size: 8
	.data: load addr=000013e0, load size=0000000e bytes, run addr=20000200, run size=00000016 bytes, compression=lzss


LINKER GENERATED HANDLER TABLE

__TI_handler_table @ 000013f0 records: 2, size/record: 4, table size: 8
	index: 0, handler: __TI_decompress_lzss
	index: 1, handler: __TI_decompress_none


GLOBAL SYMBOLS: SORTED ALPHABETICALLY BY Name 

address   name                          
-------   ----                          
0000112d  App_Task                      
00000fa9  Button_GetState               
00000faf  Button_RefreshState           
0000111d  Button_Task                   
0000127b  C$$EXIT                       
0000123d  Det_ReportError               
000013d6  Dio_Configuration             
00000d37  Dio_FlipChannel               
00000b59  Dio_Init                      
00000c5d  Dio_ReadChannel               
00000b7d  Dio_WriteChannel              
00001109  Init_Task                     
000011c1  Led_RefreshOutput             
000011b5  Led_SetOff                    
000011a9  Led_SetOn                     
00001125  Led_Task                      
000011d9  Led_Toggle                    
0000121d  Mcu_Init                      
00000e7f  Os_NewTimerTick               
00000e8f  Os_Scheduler                  
00000e65  Os_start                      
0000026d  Port_Init                     
0000127e  Port_PinConfiguration         
000007bf  Port_RefreshPortDirection     
000006b1  Port_SetPinDirection          
000008dd  Port_SetPinMode               
00001261  ResetISR                      
00001025  SysTick_Handler               
0000107d  SysTick_SetCallBack           
00001035  SysTick_Start                 
00001075  SysTick_Stop                  
20000200  __STACK_END                   
00000200  __STACK_SIZE                  
20000200  __STACK_TOP                   
000013f8  __TI_CINIT_Base               
00001400  __TI_CINIT_Limit              
000013f0  __TI_Handler_Table_Base       
000013f8  __TI_Handler_Table_Limit      
00001165  __TI_auto_init_nobinit_nopinit
000010a1  __TI_decompress_lzss          
00001253  __TI_decompress_none          
ffffffff  __TI_pprof_out_hndl           
ffffffff  __TI_prof_data_size           
ffffffff  __TI_prof_data_start          
00000000  __TI_static_base__            
00000f0d  __aeabi_memcpy                
00000f0d  __aeabi_memcpy4               
00000f0d  __aeabi_memcpy8               
ffffffff  __binit__                     
ffffffff  __c_args__                    
UNDEFED   __mpu_init                    
20000000  __stack                       
20000000  __start___llvm_prf_cnts       
20000000  __stop___llvm_prf_cnts        
000011e9  _c_int00_noargs               
UNDEFED   _system_post_cinit            
00001277  _system_pre_init              
0000127b  abort                         
ffffffff  binit                         
00000000  g_pfnVectors                  
0000126d  main                          
00000f0d  memcpy                        


GLOBAL SYMBOLS: SORTED BY Symbol Address 

address   name                          
-------   ----                          
00000000  __TI_static_base__            
00000000  g_pfnVectors                  
00000200  __STACK_SIZE                  
0000026d  Port_Init                     
000006b1  Port_SetPinDirection          
000007bf  Port_RefreshPortDirection     
000008dd  Port_SetPinMode               
00000b59  Dio_Init                      
00000b7d  Dio_WriteChannel              
00000c5d  Dio_ReadChannel               
00000d37  Dio_FlipChannel               
00000e65  Os_start                      
00000e7f  Os_NewTimerTick               
00000e8f  Os_Scheduler                  
00000f0d  __aeabi_memcpy                
00000f0d  __aeabi_memcpy4               
00000f0d  __aeabi_memcpy8               
00000f0d  memcpy                        
00000fa9  Button_GetState               
00000faf  Button_RefreshState           
00001025  SysTick_Handler               
00001035  SysTick_Start                 
00001075  SysTick_Stop                  
0000107d  SysTick_SetCallBack           
000010a1  __TI_decompress_lzss          
00001109  Init_Task                     
0000111d  Button_Task                   
00001125  Led_Task                      
0000112d  App_Task                      
00001165  __TI_auto_init_nobinit_nopinit
000011a9  Led_SetOn                     
000011b5  Led_SetOff                    
000011c1  Led_RefreshOutput             
000011d9  Led_Toggle                    
000011e9  _c_int00_noargs               
0000121d  Mcu_Init                      
0000123d  Det_ReportError               
00001253  __TI_decompress_none          
00001261  ResetISR                      
0000126d  main                          
00001277  _system_pre_init              
0000127b  C$$EXIT                       
0000127b  abort                         
0000127e  Port_PinConfiguration         
000013d6  Dio_Configuration             
000013f0  __TI_Handler_Table_Base       
000013f8  __TI_CINIT_Base               
000013f8  __TI_Handler_Table_Limit      
00001400  __TI_CINIT_Limit              
20000000  __stack                       
20000000  __start___llvm_prf_cnts       
20000000  __stop___llvm_prf_cnts        
20000200  __STACK_END                   
20000200  __STACK_TOP                   
ffffffff  __TI_pprof_out_hndl           
ffffffff  __TI_prof_data_size           
ffffffff  __TI_prof_data_start          
ffffffff  __binit__                     
ffffffff  __c_args__                    
ffffffff  binit                         
UNDEFED   __mpu_init                    
UNDEFED   _system_post_cinit            

[62 symbols]
